set datestyle = "ISO";
set intervalstyle = "postgres";
select
 exodus.extract_text(E'a1 \x1E b1 \x1D b2a \x1C b2b \x1E cc',2,2,2),
 exodus.extract_date('20000',0,0,0),
 exodus.extract_time('86399',1,0,0),
 exodus.extract_datetime('20000.86399',1,1,0),
 exodus.extract_number('123.456', 1, 0, 0),
 exodus.count('ABBA','A');
 extract_text | extract_date | extract_time |  extract_datetime   | extract_number | count 
--------------+--------------+--------------+---------------------+----------------+-------
  b2b         | 2022-10-03   | 23:59:59     | 2022-10-03 00:00:00 |        123.456 |     2
(1 row)

